// Jest Snapshot v1, https://goo.gl/fbAQLP

exports[`<Title /> matches snapshot 1`] = `
.c0 {
  font-size: test;
  font-weight: test;
  line-height: test;
  -webkit-letter-spacing: test;
  -moz-letter-spacing: test;
  -ms-letter-spacing: test;
  letter-spacing: test;
  color: test;
  margin-top: 0;
  margin-bottom: 1px;
  padding: 0;
}

<h1
  class="c0"
/>
`;
